// Jest Snapshot v1, https://goo.gl/fbAQLP

exports[`should render Unavailable correctly 1`] = `
<section
  className="section section--spacing section--bg-sky-light unavailable"
>
  <div
    className="content-container"
  >
    <h1
      className="section__title"
    >
      Unavailable
    </h1>
    <div
      className="content"
    >
      <p>
        Geolocation is unavailable. Check your settings to verify access or try again later.
      </p>
    </div>
  </div>
</section>
`;
